
         /\      Grafana   /‾‾/  
    /\  /  \     |\  __   /  /   
   /  \/    \    | |/ /  /   ‾‾\ 
  /          \   |   (  |  (‾)  |
 / __________ \  |_|\_\  \_____/ 


     execution: local
        script: k6/service-to-service.js
        output: -

     scenarios: (100.00%) 1 scenario, 400 max VUs, 45s max duration (incl. graceful stop):
              * openLoop: 1600.00 iterations/s for 15s (maxVUs: 50-400, gracefulStop: 30s)


running (01.0s), 000/050 VUs, 1594 complete and 0 interrupted iterations
openLoop   [   7% ] 000/050 VUs  01.0s/15s  1600.00 iters/s

running (02.0s), 001/050 VUs, 3194 complete and 0 interrupted iterations
openLoop   [  13% ] 001/050 VUs  02.0s/15s  1600.00 iters/s

running (03.0s), 000/050 VUs, 4794 complete and 0 interrupted iterations
openLoop   [  20% ] 000/050 VUs  03.0s/15s  1600.00 iters/s

running (04.0s), 000/050 VUs, 6394 complete and 0 interrupted iterations
openLoop   [  27% ] 000/050 VUs  04.0s/15s  1600.00 iters/s

running (05.0s), 000/050 VUs, 7994 complete and 0 interrupted iterations
openLoop   [  33% ] 000/050 VUs  05.0s/15s  1600.00 iters/s

running (06.0s), 000/050 VUs, 9594 complete and 0 interrupted iterations
openLoop   [  40% ] 000/050 VUs  06.0s/15s  1600.00 iters/s

running (07.0s), 000/051 VUs, 11192 complete and 0 interrupted iterations
openLoop   [  47% ] 001/051 VUs  07.0s/15s  1600.00 iters/s

running (08.0s), 000/051 VUs, 12792 complete and 0 interrupted iterations
openLoop   [  53% ] 000/051 VUs  08.0s/15s  1600.00 iters/s

running (09.0s), 000/051 VUs, 14392 complete and 0 interrupted iterations
openLoop   [  60% ] 000/051 VUs  09.0s/15s  1600.00 iters/s

running (10.0s), 001/051 VUs, 15992 complete and 0 interrupted iterations
openLoop   [  67% ] 001/051 VUs  10.0s/15s  1600.00 iters/s

running (11.0s), 000/051 VUs, 17592 complete and 0 interrupted iterations
openLoop   [  73% ] 000/051 VUs  11.0s/15s  1600.00 iters/s

running (12.0s), 001/051 VUs, 19192 complete and 0 interrupted iterations
openLoop   [  80% ] 001/051 VUs  12.0s/15s  1600.00 iters/s

running (13.0s), 001/051 VUs, 20792 complete and 0 interrupted iterations
openLoop   [  87% ] 001/051 VUs  13.0s/15s  1600.00 iters/s

running (14.0s), 000/051 VUs, 22392 complete and 0 interrupted iterations
openLoop   [  93% ] 000/051 VUs  14.0s/15s  1600.00 iters/s

running (15.0s), 000/051 VUs, 23992 complete and 0 interrupted iterations
openLoop   [ 100% ] 000/051 VUs  15.0s/15s  1600.00 iters/s


  █ TOTAL RESULTS 

    checks_total.......: 47998   3199.756382/s
    checks_succeeded...: 100.00% 47998 out of 47998
    checks_failed......: 0.00%   0 out of 47998

    ✓ status 200
    ✓ count matches

    CUSTOM
    upstream_micros................: avg=178.775574 min=77       med=119      max=18715   p(90)=167   p(95)=216     

    HTTP
    http_req_duration..............: avg=332.24µs   min=158µs    med=232µs    max=29.98ms p(90)=316µs p(95)=439.09µs
      { expected_response:true }...: avg=332.24µs   min=158µs    med=232µs    max=29.98ms p(90)=316µs p(95)=439.09µs
    http_req_failed................: 0.00%  0 out of 23999
    http_reqs......................: 23999  1599.878191/s

    EXECUTION
    dropped_iterations.............: 2      0.133329/s
    iteration_duration.............: avg=375.91µs   min=184.79µs med=266.66µs max=32.62ms p(90)=367µs p(95)=546.76µs
    iterations.....................: 23999  1599.878191/s
    vus............................: 1      min=0          max=1 
    vus_max........................: 51     min=50         max=51

    NETWORK
    data_received..................: 5.9 MB 394 kB/s
    data_sent......................: 2.2 MB 146 kB/s




running (15.0s), 000/051 VUs, 23999 complete and 0 interrupted iterations
openLoop ✓ [ 100% ] 000/051 VUs  15s  1600.00 iters/s
