
         /\      Grafana   /‾‾/  
    /\  /  \     |\  __   /  /   
   /  \/    \    | |/ /  /   ‾‾\ 
  /          \   |   (  |  (‾)  |
 / __________ \  |_|\_\  \_____/ 


     execution: local
        script: k6/service-to-service.js
        output: -

     scenarios: (100.00%) 1 scenario, 400 max VUs, 45s max duration (incl. graceful stop):
              * openLoop: 400.00 iterations/s for 15s (maxVUs: 50-400, gracefulStop: 30s)


running (01.0s), 000/050 VUs, 398 complete and 0 interrupted iterations
openLoop   [   7% ] 000/050 VUs  01.0s/15s  400.00 iters/s

running (02.0s), 000/050 VUs, 798 complete and 0 interrupted iterations
openLoop   [  13% ] 000/050 VUs  02.0s/15s  400.00 iters/s

running (03.0s), 000/050 VUs, 1198 complete and 0 interrupted iterations
openLoop   [  20% ] 000/050 VUs  03.0s/15s  400.00 iters/s

running (04.0s), 000/050 VUs, 1598 complete and 0 interrupted iterations
openLoop   [  27% ] 000/050 VUs  04.0s/15s  400.00 iters/s

running (05.0s), 000/050 VUs, 1998 complete and 0 interrupted iterations
openLoop   [  33% ] 000/050 VUs  05.0s/15s  400.00 iters/s

running (06.0s), 000/050 VUs, 2398 complete and 0 interrupted iterations
openLoop   [  40% ] 000/050 VUs  06.0s/15s  400.00 iters/s

running (07.0s), 003/050 VUs, 2795 complete and 0 interrupted iterations
openLoop   [  47% ] 003/050 VUs  07.0s/15s  400.00 iters/s

running (08.0s), 000/050 VUs, 3198 complete and 0 interrupted iterations
openLoop   [  53% ] 000/050 VUs  08.0s/15s  400.00 iters/s

running (09.0s), 000/050 VUs, 3598 complete and 0 interrupted iterations
openLoop   [  60% ] 000/050 VUs  09.0s/15s  400.00 iters/s

running (10.0s), 000/050 VUs, 3998 complete and 0 interrupted iterations
openLoop   [  67% ] 000/050 VUs  10.0s/15s  400.00 iters/s

running (11.0s), 000/050 VUs, 4398 complete and 0 interrupted iterations
openLoop   [  73% ] 000/050 VUs  11.0s/15s  400.00 iters/s

running (12.0s), 000/050 VUs, 4798 complete and 0 interrupted iterations
openLoop   [  80% ] 000/050 VUs  12.0s/15s  400.00 iters/s

running (13.0s), 000/050 VUs, 5198 complete and 0 interrupted iterations
openLoop   [  87% ] 000/050 VUs  13.0s/15s  400.00 iters/s

running (14.0s), 000/050 VUs, 5598 complete and 0 interrupted iterations
openLoop   [  93% ] 000/050 VUs  14.0s/15s  400.00 iters/s

running (15.0s), 000/050 VUs, 5998 complete and 0 interrupted iterations
openLoop   [ 100% ] 000/050 VUs  15.0s/15s  400.00 iters/s


  █ TOTAL RESULTS 

    checks_total.......: 12002   800.084688/s
    checks_succeeded...: 100.00% 12002 out of 12002
    checks_failed......: 0.00%   0 out of 12002

    ✓ status 200
    ✓ count matches

    CUSTOM
    upstream_micros................: avg=385.340443 min=93       med=277      max=37964   p(90)=464    p(95)=589   

    HTTP
    http_req_duration..............: avg=771.11µs   min=211µs    med=601µs    max=38.33ms p(90)=1.01ms p(95)=1.29ms
      { expected_response:true }...: avg=771.11µs   min=211µs    med=601µs    max=38.33ms p(90)=1.01ms p(95)=1.29ms
    http_req_failed................: 0.00%  0 out of 6001
    http_reqs......................: 6001   400.042344/s

    EXECUTION
    iteration_duration.............: avg=912.35µs   min=245.87µs med=741.62µs max=38.45ms p(90)=1.21ms p(95)=1.52ms
    iterations.....................: 6001   400.042344/s
    vus............................: 0      min=0         max=4 
    vus_max........................: 50     min=50        max=50

    NETWORK
    data_received..................: 1.5 MB 98 kB/s
    data_sent......................: 546 kB 36 kB/s




running (15.0s), 000/050 VUs, 6001 complete and 0 interrupted iterations
openLoop ✓ [ 100% ] 000/050 VUs  15s  400.00 iters/s
