
         /\      Grafana   /‾‾/  
    /\  /  \     |\  __   /  /   
   /  \/    \    | |/ /  /   ‾‾\ 
  /          \   |   (  |  (‾)  |
 / __________ \  |_|\_\  \_____/ 


     execution: local
        script: k6/service-to-service.js
        output: -

     scenarios: (100.00%) 1 scenario, 400 max VUs, 45s max duration (incl. graceful stop):
              * openLoop: 400.00 iterations/s for 15s (maxVUs: 50-400, gracefulStop: 30s)


running (01.0s), 000/050 VUs, 398 complete and 0 interrupted iterations
openLoop   [   7% ] 000/050 VUs  01.0s/15s  400.00 iters/s

running (02.0s), 001/050 VUs, 797 complete and 0 interrupted iterations
openLoop   [  13% ] 001/050 VUs  02.0s/15s  400.00 iters/s

running (03.0s), 001/050 VUs, 1197 complete and 0 interrupted iterations
openLoop   [  20% ] 001/050 VUs  03.0s/15s  400.00 iters/s

running (04.0s), 001/050 VUs, 1597 complete and 0 interrupted iterations
openLoop   [  27% ] 001/050 VUs  04.0s/15s  400.00 iters/s

running (05.0s), 001/050 VUs, 1997 complete and 0 interrupted iterations
openLoop   [  33% ] 001/050 VUs  05.0s/15s  400.00 iters/s

running (06.0s), 001/050 VUs, 2397 complete and 0 interrupted iterations
openLoop   [  40% ] 001/050 VUs  06.0s/15s  400.00 iters/s

running (07.0s), 001/050 VUs, 2797 complete and 0 interrupted iterations
openLoop   [  47% ] 001/050 VUs  07.0s/15s  400.00 iters/s

running (08.0s), 001/050 VUs, 3197 complete and 0 interrupted iterations
openLoop   [  53% ] 001/050 VUs  08.0s/15s  400.00 iters/s

running (09.0s), 002/050 VUs, 3597 complete and 0 interrupted iterations
openLoop   [  60% ] 002/050 VUs  09.0s/15s  400.00 iters/s

running (10.0s), 001/050 VUs, 3997 complete and 0 interrupted iterations
openLoop   [  67% ] 001/050 VUs  10.0s/15s  400.00 iters/s

running (11.0s), 001/050 VUs, 4397 complete and 0 interrupted iterations
openLoop   [  73% ] 001/050 VUs  11.0s/15s  400.00 iters/s

running (12.0s), 001/050 VUs, 4797 complete and 0 interrupted iterations
openLoop   [  80% ] 001/050 VUs  12.0s/15s  400.00 iters/s

running (13.0s), 001/050 VUs, 5197 complete and 0 interrupted iterations
openLoop   [  87% ] 001/050 VUs  13.0s/15s  400.00 iters/s

running (14.0s), 001/050 VUs, 5597 complete and 0 interrupted iterations
openLoop   [  93% ] 001/050 VUs  14.0s/15s  400.00 iters/s

running (15.0s), 013/050 VUs, 5986 complete and 0 interrupted iterations
openLoop   [ 100% ] 013/050 VUs  15.0s/15s  400.00 iters/s


  █ TOTAL RESULTS 

    checks_total.......: 12000   799.733635/s
    checks_succeeded...: 100.00% 12000 out of 12000
    checks_failed......: 0.00%   0 out of 12000

    ✓ status 200
    ✓ count matches

    CUSTOM
    upstream_micros................: avg=368.944667 min=95       med=309      max=31864   p(90)=558    p(95)=680   

    HTTP
    http_req_duration..............: avg=697.05µs   min=195µs    med=580.5µs  max=32.08ms p(90)=1.07ms p(95)=1.29ms
      { expected_response:true }...: avg=697.05µs   min=195µs    med=580.5µs  max=32.08ms p(90)=1.07ms p(95)=1.29ms
    http_req_failed................: 0.00%  0 out of 6000
    http_reqs......................: 6000   399.866818/s

    EXECUTION
    iteration_duration.............: avg=814.39µs   min=231.83µs med=706.08µs max=32.14ms p(90)=1.27ms p(95)=1.53ms
    iterations.....................: 6000   399.866818/s
    vus............................: 13     min=0         max=13
    vus_max........................: 50     min=50        max=50

    NETWORK
    data_received..................: 1.5 MB 98 kB/s
    data_sent......................: 546 kB 36 kB/s




running (15.0s), 000/050 VUs, 6000 complete and 0 interrupted iterations
openLoop ✓ [ 100% ] 000/050 VUs  15s  400.00 iters/s
