
         /\      Grafana   /‾‾/  
    /\  /  \     |\  __   /  /   
   /  \/    \    | |/ /  /   ‾‾\ 
  /          \   |   (  |  (‾)  |
 / __________ \  |_|\_\  \_____/ 


     execution: local
        script: k6/service-to-service.js
        output: -

     scenarios: (100.00%) 1 scenario, 400 max VUs, 45s max duration (incl. graceful stop):
              * openLoop: 800.00 iterations/s for 15s (maxVUs: 50-400, gracefulStop: 30s)


running (01.0s), 001/050 VUs, 796 complete and 0 interrupted iterations
openLoop   [   7% ] 001/050 VUs  01.0s/15s  800.00 iters/s

running (02.0s), 001/050 VUs, 1596 complete and 0 interrupted iterations
openLoop   [  13% ] 001/050 VUs  02.0s/15s  800.00 iters/s

running (03.0s), 002/050 VUs, 2396 complete and 0 interrupted iterations
openLoop   [  20% ] 002/050 VUs  03.0s/15s  800.00 iters/s

running (04.0s), 000/050 VUs, 3197 complete and 0 interrupted iterations
openLoop   [  27% ] 000/050 VUs  04.0s/15s  800.00 iters/s

running (05.0s), 000/050 VUs, 3997 complete and 0 interrupted iterations
openLoop   [  33% ] 000/050 VUs  05.0s/15s  800.00 iters/s

running (06.0s), 000/050 VUs, 4797 complete and 0 interrupted iterations
openLoop   [  40% ] 000/050 VUs  06.0s/15s  800.00 iters/s

running (07.0s), 000/050 VUs, 5597 complete and 0 interrupted iterations
openLoop   [  47% ] 000/050 VUs  07.0s/15s  800.00 iters/s

running (08.0s), 001/050 VUs, 6396 complete and 0 interrupted iterations
openLoop   [  53% ] 001/050 VUs  08.0s/15s  800.00 iters/s

running (09.0s), 000/050 VUs, 7197 complete and 0 interrupted iterations
openLoop   [  60% ] 000/050 VUs  09.0s/15s  800.00 iters/s

running (10.0s), 000/050 VUs, 7997 complete and 0 interrupted iterations
openLoop   [  67% ] 000/050 VUs  10.0s/15s  800.00 iters/s

running (11.0s), 000/050 VUs, 8797 complete and 0 interrupted iterations
openLoop   [  73% ] 000/050 VUs  11.0s/15s  800.00 iters/s

running (12.0s), 000/050 VUs, 9597 complete and 0 interrupted iterations
openLoop   [  80% ] 000/050 VUs  12.0s/15s  800.00 iters/s

running (13.0s), 000/050 VUs, 10397 complete and 0 interrupted iterations
openLoop   [  87% ] 000/050 VUs  13.0s/15s  800.00 iters/s

running (14.0s), 000/050 VUs, 11197 complete and 0 interrupted iterations
openLoop   [  93% ] 000/050 VUs  14.0s/15s  800.00 iters/s

running (15.0s), 000/050 VUs, 11997 complete and 0 interrupted iterations
openLoop   [ 100% ] 000/050 VUs  15.0s/15s  800.00 iters/s


  █ TOTAL RESULTS 

    checks_total.......: 24000   1599.98304/s
    checks_succeeded...: 100.00% 24000 out of 24000
    checks_failed......: 0.00%   0 out of 24000

    ✓ status 200
    ✓ count matches

    CUSTOM
    upstream_micros................: avg=228.132  min=80       med=157      max=16907   p(90)=344      p(95)=453.15

    HTTP
    http_req_duration..............: avg=470.04µs min=173µs    med=308µs    max=17.23ms p(90)=748µs    p(95)=1.02ms
      { expected_response:true }...: avg=470.04µs min=173µs    med=308µs    max=17.23ms p(90)=748µs    p(95)=1.02ms
    http_req_failed................: 0.00%  0 out of 12000
    http_reqs......................: 12000  799.99152/s

    EXECUTION
    iteration_duration.............: avg=559.66µs min=211.04µs med=357.83µs max=17.53ms p(90)=919.82µs p(95)=1.22ms
    iterations.....................: 12000  799.99152/s
    vus............................: 0      min=0          max=2 
    vus_max........................: 50     min=50         max=50

    NETWORK
    data_received..................: 3.0 MB 197 kB/s
    data_sent......................: 1.1 MB 73 kB/s




running (15.0s), 000/050 VUs, 12000 complete and 0 interrupted iterations
openLoop ✓ [ 100% ] 000/050 VUs  15s  800.00 iters/s
