
         /\      Grafana   /‾‾/  
    /\  /  \     |\  __   /  /   
   /  \/    \    | |/ /  /   ‾‾\ 
  /          \   |   (  |  (‾)  |
 / __________ \  |_|\_\  \_____/ 


     execution: local
        script: k6/service-to-service.js
        output: -

     scenarios: (100.00%) 1 scenario, 400 max VUs, 45s max duration (incl. graceful stop):
              * openLoop: 3200.00 iterations/s for 15s (maxVUs: 50-400, gracefulStop: 30s)


running (01.0s), 000/050 VUs, 3184 complete and 0 interrupted iterations
openLoop   [   7% ] 000/050 VUs  01.0s/15s  3200.00 iters/s

running (02.0s), 000/053 VUs, 6376 complete and 0 interrupted iterations
openLoop   [  13% ] 000/053 VUs  02.0s/15s  3200.00 iters/s

running (03.0s), 000/053 VUs, 9576 complete and 0 interrupted iterations
openLoop   [  20% ] 000/053 VUs  03.0s/15s  3200.00 iters/s

running (04.0s), 000/053 VUs, 12776 complete and 0 interrupted iterations
openLoop   [  27% ] 000/053 VUs  04.0s/15s  3200.00 iters/s

running (05.0s), 000/053 VUs, 15976 complete and 0 interrupted iterations
openLoop   [  33% ] 000/053 VUs  05.0s/15s  3200.00 iters/s

running (06.0s), 001/053 VUs, 19176 complete and 0 interrupted iterations
openLoop   [  40% ] 001/053 VUs  06.0s/15s  3200.00 iters/s

running (07.0s), 003/054 VUs, 22373 complete and 0 interrupted iterations
openLoop   [  47% ] 003/054 VUs  07.0s/15s  3200.00 iters/s

running (08.0s), 000/054 VUs, 25575 complete and 0 interrupted iterations
openLoop   [  53% ] 000/054 VUs  08.0s/15s  3200.00 iters/s

running (09.0s), 000/054 VUs, 28775 complete and 0 interrupted iterations
openLoop   [  60% ] 000/054 VUs  09.0s/15s  3200.00 iters/s

running (10.0s), 025/054 VUs, 31960 complete and 0 interrupted iterations
openLoop   [  67% ] 025/054 VUs  10.0s/15s  3200.00 iters/s

running (11.0s), 001/059 VUs, 35136 complete and 0 interrupted iterations
openLoop   [  73% ] 001/059 VUs  11.0s/15s  3200.00 iters/s

running (12.0s), 001/059 VUs, 38336 complete and 0 interrupted iterations
openLoop   [  80% ] 001/059 VUs  12.0s/15s  3200.00 iters/s

running (13.0s), 000/059 VUs, 41536 complete and 0 interrupted iterations
openLoop   [  87% ] 000/059 VUs  13.0s/15s  3200.00 iters/s

running (14.0s), 000/059 VUs, 44736 complete and 0 interrupted iterations
openLoop   [  93% ] 000/059 VUs  14.0s/15s  3200.00 iters/s

running (15.0s), 000/059 VUs, 47936 complete and 0 interrupted iterations
openLoop   [ 100% ] 000/059 VUs  15.0s/15s  3200.00 iters/s


  █ TOTAL RESULTS 

    checks_total.......: 95906   6393.536839/s
    checks_succeeded...: 100.00% 95906 out of 95906
    checks_failed......: 0.00%   0 out of 95906

    ✓ status 200
    ✓ count matches

    CUSTOM
    upstream_micros................: avg=133.095448 min=43       med=78       max=25090   p(90)=119      p(95)=155     

    HTTP
    http_req_duration..............: avg=271.32µs   min=93µs     med=155µs    max=33.23ms p(90)=225.8µs  p(95)=297µs   
      { expected_response:true }...: avg=271.32µs   min=93µs     med=155µs    max=33.23ms p(90)=225.8µs  p(95)=297µs   
    http_req_failed................: 0.00%  0 out of 47953
    http_reqs......................: 47953  3196.768419/s

    EXECUTION
    dropped_iterations.............: 48     3.199902/s
    iteration_duration.............: avg=310.35µs   min=116.79µs med=189.79µs max=33.29ms p(90)=269.45µs p(95)=361.71µs
    iterations.....................: 47953  3196.768419/s
    vus............................: 1      min=0          max=25
    vus_max........................: 59     min=50         max=59

    NETWORK
    data_received..................: 12 MB  784 kB/s
    data_sent......................: 4.4 MB 291 kB/s




running (15.0s), 000/059 VUs, 47953 complete and 0 interrupted iterations
openLoop ✓ [ 100% ] 000/059 VUs  15s  3200.00 iters/s
