
         /\      Grafana   /‾‾/  
    /\  /  \     |\  __   /  /   
   /  \/    \    | |/ /  /   ‾‾\ 
  /          \   |   (  |  (‾)  |
 / __________ \  |_|\_\  \_____/ 


     execution: local
        script: k6/service-to-service.js
        output: -

     scenarios: (100.00%) 1 scenario, 400 max VUs, 45s max duration (incl. graceful stop):
              * openLoop: 12800.00 iterations/s for 15s (maxVUs: 50-400, gracefulStop: 30s)


running (01.0s), 003/068 VUs, 12697 complete and 0 interrupted iterations
openLoop   [   7% ] 003/068 VUs  01.0s/15s  12800.00 iters/s

running (02.0s), 002/090 VUs, 25439 complete and 0 interrupted iterations
openLoop   [  13% ] 002/090 VUs  02.0s/15s  12800.00 iters/s

running (03.0s), 003/107 VUs, 38205 complete and 0 interrupted iterations
openLoop   [  20% ] 003/107 VUs  03.0s/15s  12800.00 iters/s

running (04.0s), 197/217 VUs, 50432 complete and 0 interrupted iterations
openLoop   [  27% ] 197/217 VUs  04.0s/15s  12800.00 iters/s
time="2026-07-29T17:05:33+09:00" level=warning msg="Insufficient VUs, reached 400 active VUs and cannot initialize more" executor=constant-arrival-rate scenario=openLoop

running (05.0s), 003/400 VUs, 59951 complete and 0 interrupted iterations
openLoop   [  33% ] 003/400 VUs  05.0s/15s  12800.00 iters/s

running (06.0s), 005/400 VUs, 72749 complete and 0 interrupted iterations
openLoop   [  40% ] 005/400 VUs  06.0s/15s  12800.00 iters/s

running (07.0s), 003/400 VUs, 85551 complete and 0 interrupted iterations
openLoop   [  47% ] 002/400 VUs  07.0s/15s  12800.00 iters/s

running (08.0s), 119/400 VUs, 98084 complete and 0 interrupted iterations
openLoop   [  53% ] 119/400 VUs  08.0s/15s  12800.00 iters/s

running (09.0s), 004/400 VUs, 110311 complete and 0 interrupted iterations
openLoop   [  60% ] 004/400 VUs  09.0s/15s  12800.00 iters/s

running (10.0s), 004/400 VUs, 123111 complete and 0 interrupted iterations
openLoop   [  67% ] 004/400 VUs  10.0s/15s  12800.00 iters/s

running (11.0s), 003/400 VUs, 135236 complete and 0 interrupted iterations
openLoop   [  73% ] 003/400 VUs  11.0s/15s  12800.00 iters/s

running (12.0s), 014/400 VUs, 147990 complete and 0 interrupted iterations
openLoop   [  80% ] 014/400 VUs  12.0s/15s  12800.00 iters/s

running (13.0s), 004/400 VUs, 160800 complete and 0 interrupted iterations
openLoop   [  87% ] 004/400 VUs  13.0s/15s  12800.00 iters/s

running (14.0s), 238/400 VUs, 173230 complete and 0 interrupted iterations
openLoop   [  93% ] 238/400 VUs  14.0s/15s  12800.00 iters/s

running (15.0s), 378/400 VUs, 184821 complete and 0 interrupted iterations
openLoop   [ 100% ] 378/400 VUs  15.0s/15s  12800.00 iters/s


  █ TOTAL RESULTS 

    checks_total.......: 370508  24655.341736/s
    checks_succeeded...: 100.00% 370508 out of 370508
    checks_failed......: 0.00%   0 out of 370508

    ✓ status 200
    ✓ count matches

    CUSTOM
    upstream_micros................: avg=3626.467526 min=48       med=118      max=271440   p(90)=10274   p(95)=20862  

    HTTP
    http_req_duration..............: avg=4.33ms      min=111µs    med=247µs    max=274.02ms p(90)=11.66ms p(95)=24.16ms
      { expected_response:true }...: avg=4.33ms      min=111µs    med=247µs    max=274.02ms p(90)=11.66ms p(95)=24.16ms
    http_req_failed................: 0.00%  0 out of 185254
    http_reqs......................: 185254 12327.670868/s

    EXECUTION
    dropped_iterations.............: 6747   448.977055/s
    iteration_duration.............: avg=4.39ms      min=139.83µs med=294.37µs max=274.2ms  p(90)=11.73ms p(95)=24.25ms
    iterations.....................: 185254 12327.670868/s
    vus............................: 385    min=2           max=385
    vus_max........................: 400    min=68          max=400

    NETWORK
    data_received..................: 46 MB  3.0 MB/s
    data_sent......................: 17 MB  1.1 MB/s




running (15.0s), 000/400 VUs, 185254 complete and 0 interrupted iterations
openLoop ✓ [ 100% ] 000/400 VUs  15s  12800.00 iters/s
