
         /\      Grafana   /‾‾/  
    /\  /  \     |\  __   /  /   
   /  \/    \    | |/ /  /   ‾‾\ 
  /          \   |   (  |  (‾)  |
 / __________ \  |_|\_\  \_____/ 


     execution: local
        script: k6/service-to-service.js
        output: -

     scenarios: (100.00%) 1 scenario, 400 max VUs, 45s max duration (incl. graceful stop):
              * openLoop: 12800.00 iterations/s for 15s (maxVUs: 50-400, gracefulStop: 30s)

time="2026-07-29T17:03:57+09:00" level=warning msg="Insufficient VUs, reached 400 active VUs and cannot initialize more" executor=constant-arrival-rate scenario=openLoop

running (01.0s), 400/400 VUs, 8905 complete and 0 interrupted iterations
openLoop   [   7% ] 400/400 VUs  01.0s/15s  12800.00 iters/s

running (02.0s), 399/400 VUs, 18495 complete and 0 interrupted iterations
openLoop   [  13% ] 399/400 VUs  02.0s/15s  12800.00 iters/s

running (03.0s), 400/400 VUs, 27994 complete and 0 interrupted iterations
openLoop   [  20% ] 400/400 VUs  03.0s/15s  12800.00 iters/s

running (04.0s), 400/400 VUs, 37977 complete and 0 interrupted iterations
openLoop   [  27% ] 400/400 VUs  04.0s/15s  12800.00 iters/s

running (05.0s), 399/400 VUs, 47855 complete and 0 interrupted iterations
openLoop   [  33% ] 399/400 VUs  05.0s/15s  12800.00 iters/s

running (06.0s), 399/400 VUs, 57360 complete and 0 interrupted iterations
openLoop   [  40% ] 399/400 VUs  06.0s/15s  12800.00 iters/s

running (07.0s), 399/400 VUs, 66960 complete and 0 interrupted iterations
openLoop   [  47% ] 399/400 VUs  07.0s/15s  12800.00 iters/s

running (08.0s), 399/400 VUs, 76484 complete and 0 interrupted iterations
openLoop   [  53% ] 399/400 VUs  08.0s/15s  12800.00 iters/s

running (09.0s), 399/400 VUs, 85810 complete and 0 interrupted iterations
openLoop   [  60% ] 399/400 VUs  09.0s/15s  12800.00 iters/s

running (10.0s), 400/400 VUs, 93362 complete and 0 interrupted iterations
openLoop   [  67% ] 400/400 VUs  10.0s/15s  12800.00 iters/s

running (11.0s), 400/400 VUs, 97782 complete and 0 interrupted iterations
openLoop   [  73% ] 400/400 VUs  11.0s/15s  12800.00 iters/s

running (12.0s), 400/400 VUs, 106352 complete and 0 interrupted iterations
openLoop   [  80% ] 400/400 VUs  12.0s/15s  12800.00 iters/s

running (13.0s), 400/400 VUs, 116065 complete and 0 interrupted iterations
openLoop   [  87% ] 400/400 VUs  13.0s/15s  12800.00 iters/s

running (14.0s), 399/400 VUs, 125889 complete and 0 interrupted iterations
openLoop   [  93% ] 399/400 VUs  14.0s/15s  12800.00 iters/s

running (15.0s), 400/400 VUs, 135540 complete and 0 interrupted iterations
openLoop   [ 100% ] 400/400 VUs  15.0s/15s  12800.00 iters/s


  █ TOTAL RESULTS 

    checks_total.......: 271986  18086.732207/s
    checks_succeeded...: 100.00% 271986 out of 271986
    checks_failed......: 0.00%   0 out of 271986

    ✓ status 200
    ✓ count matches

    CUSTOM
    upstream_micros................: avg=43702.870236 min=739    med=40396   max=431201   p(90)=48087.8 p(95)=54690.2

    HTTP
    http_req_duration..............: avg=43.8ms       min=1.14ms med=40.49ms max=431.61ms p(90)=48.2ms  p(95)=54.82ms
      { expected_response:true }...: avg=43.8ms       min=1.14ms med=40.49ms max=431.61ms p(90)=48.2ms  p(95)=54.82ms
    http_req_failed................: 0.00%  0 out of 135993
    http_reqs......................: 135993 9043.366103/s

    EXECUTION
    dropped_iterations.............: 56008  3724.462647/s
    iteration_duration.............: avg=43.85ms      min=1.67ms med=40.53ms max=431.69ms p(90)=48.24ms p(95)=54.88ms
    iterations.....................: 135993 9043.366103/s
    vus............................: 400    min=398         max=400
    vus_max........................: 400    min=400         max=400

    NETWORK
    data_received..................: 34 MB  2.2 MB/s
    data_sent......................: 12 MB  823 kB/s




running (15.0s), 000/400 VUs, 135993 complete and 0 interrupted iterations
openLoop ✓ [ 100% ] 000/400 VUs  15s  12800.00 iters/s
