
         /\      Grafana   /‾‾/  
    /\  /  \     |\  __   /  /   
   /  \/    \    | |/ /  /   ‾‾\ 
  /          \   |   (  |  (‾)  |
 / __________ \  |_|\_\  \_____/ 


     execution: local
        script: k6/service-to-service.js
        output: -

     scenarios: (100.00%) 1 scenario, 50 max VUs, 1m0s max duration (incl. graceful stop):
              * default: 50 looping VUs for 30s (gracefulStop: 30s)


running (0m01.0s), 50/50 VUs, 22315 complete and 0 interrupted iterations
default   [   3% ] 50 VUs  01.0s/30s

running (0m02.0s), 50/50 VUs, 45121 complete and 0 interrupted iterations
default   [   7% ] 50 VUs  02.0s/30s

running (0m03.0s), 50/50 VUs, 71370 complete and 0 interrupted iterations
default   [  10% ] 50 VUs  03.0s/30s

running (0m04.0s), 50/50 VUs, 98724 complete and 0 interrupted iterations
default   [  13% ] 50 VUs  04.0s/30s

running (0m05.0s), 50/50 VUs, 124846 complete and 0 interrupted iterations
default   [  17% ] 50 VUs  05.0s/30s

running (0m06.0s), 50/50 VUs, 151327 complete and 0 interrupted iterations
default   [  20% ] 50 VUs  06.0s/30s

running (0m07.0s), 50/50 VUs, 176795 complete and 0 interrupted iterations
default   [  23% ] 50 VUs  07.0s/30s

running (0m08.0s), 50/50 VUs, 202101 complete and 0 interrupted iterations
default   [  27% ] 50 VUs  08.0s/30s

running (0m09.0s), 50/50 VUs, 227285 complete and 0 interrupted iterations
default   [  30% ] 50 VUs  09.0s/30s

running (0m10.0s), 50/50 VUs, 252639 complete and 0 interrupted iterations
default   [  33% ] 50 VUs  10.0s/30s

running (0m11.0s), 50/50 VUs, 278422 complete and 0 interrupted iterations
default   [  37% ] 50 VUs  11.0s/30s

running (0m12.0s), 50/50 VUs, 298428 complete and 0 interrupted iterations
default   [  40% ] 50 VUs  12.0s/30s

running (0m13.0s), 50/50 VUs, 324265 complete and 0 interrupted iterations
default   [  43% ] 50 VUs  13.0s/30s

running (0m14.0s), 50/50 VUs, 351539 complete and 0 interrupted iterations
default   [  47% ] 50 VUs  14.0s/30s

running (0m15.0s), 50/50 VUs, 378817 complete and 0 interrupted iterations
default   [  50% ] 50 VUs  15.0s/30s

running (0m16.0s), 50/50 VUs, 405356 complete and 0 interrupted iterations
default   [  53% ] 50 VUs  16.0s/30s

running (0m17.0s), 50/50 VUs, 432018 complete and 0 interrupted iterations
default   [  57% ] 50 VUs  17.0s/30s

running (0m18.0s), 50/50 VUs, 458508 complete and 0 interrupted iterations
default   [  60% ] 50 VUs  18.0s/30s

running (0m19.0s), 50/50 VUs, 485597 complete and 0 interrupted iterations
default   [  63% ] 50 VUs  19.0s/30s

running (0m20.0s), 50/50 VUs, 511906 complete and 0 interrupted iterations
default   [  67% ] 50 VUs  20.0s/30s

running (0m21.0s), 50/50 VUs, 536962 complete and 0 interrupted iterations
default   [  70% ] 50 VUs  21.0s/30s

running (0m22.0s), 50/50 VUs, 563827 complete and 0 interrupted iterations
default   [  73% ] 50 VUs  22.0s/30s

running (0m23.0s), 50/50 VUs, 589224 complete and 0 interrupted iterations
default   [  77% ] 50 VUs  23.0s/30s

running (0m24.0s), 50/50 VUs, 614717 complete and 0 interrupted iterations
default   [  80% ] 50 VUs  24.0s/30s

running (0m25.0s), 50/50 VUs, 642158 complete and 0 interrupted iterations
default   [  83% ] 50 VUs  25.0s/30s

running (0m26.0s), 50/50 VUs, 669463 complete and 0 interrupted iterations
default   [  87% ] 50 VUs  26.0s/30s

running (0m27.0s), 50/50 VUs, 696211 complete and 0 interrupted iterations
default   [  90% ] 50 VUs  27.0s/30s

running (0m28.0s), 50/50 VUs, 723508 complete and 0 interrupted iterations
default   [  93% ] 50 VUs  28.0s/30s

running (0m29.0s), 50/50 VUs, 749299 complete and 0 interrupted iterations
default   [  97% ] 50 VUs  29.0s/30s

running (0m30.0s), 50/50 VUs, 777278 complete and 0 interrupted iterations
default   [ 100% ] 50 VUs  30.0s/30s


  █ THRESHOLDS 

    checks
    ✓ 'rate>0.99' rate=100.00%


  █ TOTAL RESULTS 

    checks_total.......: 1554978 51831.318039/s
    checks_succeeded...: 100.00% 1554978 out of 1554978
    checks_failed......: 0.00%   0 out of 1554978

    ✓ status 200
    ✓ count matches

    CUSTOM
    upstream_micros................: avg=1399.368844 min=80       med=1341   max=29315   p(90)=1864   p(95)=2100  

    HTTP
    http_req_duration..............: avg=1.86ms      min=182µs    med=1.77ms max=30.7ms  p(90)=2.43ms p(95)=2.75ms
      { expected_response:true }...: avg=1.86ms      min=182µs    med=1.77ms max=30.7ms  p(90)=2.43ms p(95)=2.75ms
    http_req_failed................: 0.00%  0 out of 777489
    http_reqs......................: 777489 25915.659019/s

    EXECUTION
    iteration_duration.............: avg=1.92ms      min=207.75µs med=1.82ms max=30.75ms p(90)=2.51ms p(95)=2.84ms
    iterations.....................: 777489 25915.659019/s
    vus............................: 50     min=50          max=50
    vus_max........................: 50     min=50          max=50

    NETWORK
    data_received..................: 192 MB 6.4 MB/s
    data_sent......................: 71 MB  2.4 MB/s




running (0m30.0s), 00/50 VUs, 777489 complete and 0 interrupted iterations
default ✓ [ 100% ] 50 VUs  30s
