
         /\      Grafana   /‾‾/  
    /\  /  \     |\  __   /  /   
   /  \/    \    | |/ /  /   ‾‾\ 
  /          \   |   (  |  (‾)  |
 / __________ \  |_|\_\  \_____/ 


     execution: local
        script: k6/service-to-service.js
        output: -

     scenarios: (100.00%) 1 scenario, 50 max VUs, 1m0s max duration (incl. graceful stop):
              * default: 50 looping VUs for 30s (gracefulStop: 30s)


running (0m01.0s), 50/50 VUs, 6748 complete and 0 interrupted iterations
default   [   3% ] 50 VUs  01.0s/30s

running (0m02.0s), 50/50 VUs, 15009 complete and 0 interrupted iterations
default   [   7% ] 50 VUs  02.0s/30s

running (0m03.0s), 50/50 VUs, 23827 complete and 0 interrupted iterations
default   [  10% ] 50 VUs  03.0s/30s

running (0m04.0s), 50/50 VUs, 32456 complete and 0 interrupted iterations
default   [  13% ] 50 VUs  04.0s/30s

running (0m05.0s), 50/50 VUs, 41042 complete and 0 interrupted iterations
default   [  17% ] 50 VUs  05.0s/30s

running (0m06.0s), 50/50 VUs, 48514 complete and 0 interrupted iterations
default   [  20% ] 50 VUs  06.0s/30s

running (0m07.0s), 50/50 VUs, 56819 complete and 0 interrupted iterations
default   [  23% ] 50 VUs  07.0s/30s

running (0m08.0s), 50/50 VUs, 65876 complete and 0 interrupted iterations
default   [  27% ] 50 VUs  08.0s/30s

running (0m09.0s), 50/50 VUs, 74540 complete and 0 interrupted iterations
default   [  30% ] 50 VUs  09.0s/30s

running (0m10.0s), 50/50 VUs, 81774 complete and 0 interrupted iterations
default   [  33% ] 50 VUs  10.0s/30s

running (0m11.0s), 50/50 VUs, 90371 complete and 0 interrupted iterations
default   [  37% ] 50 VUs  11.0s/30s

running (0m12.0s), 50/50 VUs, 99207 complete and 0 interrupted iterations
default   [  40% ] 50 VUs  12.0s/30s

running (0m13.0s), 50/50 VUs, 107680 complete and 0 interrupted iterations
default   [  43% ] 50 VUs  13.0s/30s

running (0m14.0s), 50/50 VUs, 116407 complete and 0 interrupted iterations
default   [  47% ] 50 VUs  14.0s/30s

running (0m15.0s), 50/50 VUs, 124517 complete and 0 interrupted iterations
default   [  50% ] 50 VUs  15.0s/30s

running (0m16.0s), 50/50 VUs, 128419 complete and 0 interrupted iterations
default   [  53% ] 50 VUs  16.0s/30s

running (0m17.0s), 50/50 VUs, 133620 complete and 0 interrupted iterations
default   [  57% ] 50 VUs  17.0s/30s

running (0m18.0s), 50/50 VUs, 142082 complete and 0 interrupted iterations
default   [  60% ] 50 VUs  18.0s/30s

running (0m19.0s), 50/50 VUs, 150802 complete and 0 interrupted iterations
default   [  63% ] 50 VUs  19.0s/30s

running (0m20.0s), 50/50 VUs, 159397 complete and 0 interrupted iterations
default   [  67% ] 50 VUs  20.0s/30s

running (0m21.0s), 50/50 VUs, 167363 complete and 0 interrupted iterations
default   [  70% ] 50 VUs  21.0s/30s

running (0m22.0s), 50/50 VUs, 176289 complete and 0 interrupted iterations
default   [  73% ] 50 VUs  22.0s/30s

running (0m23.0s), 50/50 VUs, 184952 complete and 0 interrupted iterations
default   [  77% ] 50 VUs  23.0s/30s

running (0m24.0s), 50/50 VUs, 193710 complete and 0 interrupted iterations
default   [  80% ] 50 VUs  24.0s/30s

running (0m25.0s), 50/50 VUs, 202096 complete and 0 interrupted iterations
default   [  83% ] 50 VUs  25.0s/30s

running (0m26.0s), 50/50 VUs, 210514 complete and 0 interrupted iterations
default   [  87% ] 50 VUs  26.0s/30s

running (0m27.0s), 50/50 VUs, 218700 complete and 0 interrupted iterations
default   [  90% ] 50 VUs  27.0s/30s

running (0m28.0s), 50/50 VUs, 227463 complete and 0 interrupted iterations
default   [  93% ] 50 VUs  28.0s/30s

running (0m29.0s), 50/50 VUs, 235551 complete and 0 interrupted iterations
default   [  97% ] 50 VUs  29.0s/30s

running (0m30.0s), 50/50 VUs, 244527 complete and 0 interrupted iterations
default   [ 100% ] 50 VUs  30.0s/30s


  █ THRESHOLDS 

    checks
    ✓ 'rate>0.99' rate=100.00%


  █ TOTAL RESULTS 

    checks_total.......: 489218  16305.408937/s
    checks_succeeded...: 100.00% 489218 out of 489218
    checks_failed......: 0.00%   0 out of 489218

    ✓ status 200
    ✓ count matches

    CUSTOM
    upstream_micros................: avg=3538.630721 min=436      med=1495   max=335689   p(90)=5070   p(95)=8359   

    HTTP
    http_req_duration..............: avg=6.04ms      min=565µs    med=4ms    max=338.98ms p(90)=8ms    p(95)=12.57ms
      { expected_response:true }...: avg=6.04ms      min=565µs    med=4ms    max=338.98ms p(90)=8ms    p(95)=12.57ms
    http_req_failed................: 0.00%  0 out of 244609
    http_reqs......................: 244609 8152.704469/s

    EXECUTION
    iteration_duration.............: avg=6.12ms      min=590.08µs med=4.07ms max=339.01ms p(90)=8.14ms p(95)=12.74ms
    iterations.....................: 244609 8152.704469/s
    vus............................: 50     min=50          max=50
    vus_max........................: 50     min=50          max=50

    NETWORK
    data_received..................: 61 MB  2.0 MB/s
    data_sent......................: 23 MB  766 kB/s




running (0m30.0s), 00/50 VUs, 244609 complete and 0 interrupted iterations
default ✓ [ 100% ] 50 VUs  30s
