
         /\      Grafana   /‾‾/  
    /\  /  \     |\  __   /  /   
   /  \/    \    | |/ /  /   ‾‾\ 
  /          \   |   (  |  (‾)  |
 / __________ \  |_|\_\  \_____/ 


     execution: local
        script: k6/service-to-service.js
        output: -

     scenarios: (100.00%) 1 scenario, 50 max VUs, 1m0s max duration (incl. graceful stop):
              * default: 50 looping VUs for 30s (gracefulStop: 30s)


running (0m01.0s), 50/50 VUs, 7626 complete and 0 interrupted iterations
default   [   3% ] 50 VUs  01.0s/30s

running (0m02.0s), 50/50 VUs, 15911 complete and 0 interrupted iterations
default   [   7% ] 50 VUs  02.0s/30s

running (0m03.0s), 50/50 VUs, 24308 complete and 0 interrupted iterations
default   [  10% ] 50 VUs  03.0s/30s

running (0m04.0s), 50/50 VUs, 31849 complete and 0 interrupted iterations
default   [  13% ] 50 VUs  04.0s/30s

running (0m05.0s), 50/50 VUs, 40797 complete and 0 interrupted iterations
default   [  17% ] 50 VUs  05.0s/30s

running (0m06.0s), 50/50 VUs, 48741 complete and 0 interrupted iterations
default   [  20% ] 50 VUs  06.0s/30s

running (0m07.0s), 50/50 VUs, 57254 complete and 0 interrupted iterations
default   [  23% ] 50 VUs  07.0s/30s

running (0m08.0s), 50/50 VUs, 66142 complete and 0 interrupted iterations
default   [  27% ] 50 VUs  08.0s/30s

running (0m09.0s), 50/50 VUs, 74208 complete and 0 interrupted iterations
default   [  30% ] 50 VUs  09.0s/30s

running (0m10.0s), 50/50 VUs, 82563 complete and 0 interrupted iterations
default   [  33% ] 50 VUs  10.0s/30s

running (0m11.0s), 50/50 VUs, 91418 complete and 0 interrupted iterations
default   [  37% ] 50 VUs  11.0s/30s

running (0m12.0s), 50/50 VUs, 100001 complete and 0 interrupted iterations
default   [  40% ] 50 VUs  12.0s/30s

running (0m13.0s), 50/50 VUs, 107016 complete and 0 interrupted iterations
default   [  43% ] 50 VUs  13.0s/30s

running (0m14.0s), 50/50 VUs, 113785 complete and 0 interrupted iterations
default   [  47% ] 50 VUs  14.0s/30s

running (0m15.0s), 50/50 VUs, 122566 complete and 0 interrupted iterations
default   [  50% ] 50 VUs  15.0s/30s

running (0m16.0s), 50/50 VUs, 130352 complete and 0 interrupted iterations
default   [  53% ] 50 VUs  16.0s/30s

running (0m17.0s), 50/50 VUs, 139094 complete and 0 interrupted iterations
default   [  57% ] 50 VUs  17.0s/30s

running (0m18.0s), 50/50 VUs, 147777 complete and 0 interrupted iterations
default   [  60% ] 50 VUs  18.0s/30s

running (0m19.0s), 50/50 VUs, 155534 complete and 0 interrupted iterations
default   [  63% ] 50 VUs  19.0s/30s

running (0m20.0s), 50/50 VUs, 163698 complete and 0 interrupted iterations
default   [  67% ] 50 VUs  20.0s/30s

running (0m21.0s), 50/50 VUs, 172232 complete and 0 interrupted iterations
default   [  70% ] 50 VUs  21.0s/30s

running (0m22.0s), 50/50 VUs, 180443 complete and 0 interrupted iterations
default   [  73% ] 50 VUs  22.0s/30s

running (0m23.0s), 50/50 VUs, 188432 complete and 0 interrupted iterations
default   [  77% ] 50 VUs  23.0s/30s

running (0m24.0s), 50/50 VUs, 195838 complete and 0 interrupted iterations
default   [  80% ] 50 VUs  24.0s/30s

running (0m25.0s), 50/50 VUs, 203897 complete and 0 interrupted iterations
default   [  83% ] 50 VUs  25.0s/30s

running (0m26.0s), 50/50 VUs, 212000 complete and 0 interrupted iterations
default   [  87% ] 50 VUs  26.0s/30s

running (0m27.0s), 50/50 VUs, 219654 complete and 0 interrupted iterations
default   [  90% ] 50 VUs  27.0s/30s

running (0m28.0s), 50/50 VUs, 226985 complete and 0 interrupted iterations
default   [  93% ] 50 VUs  28.0s/30s

running (0m29.0s), 50/50 VUs, 235157 complete and 0 interrupted iterations
default   [  97% ] 50 VUs  29.0s/30s

running (0m30.0s), 50/50 VUs, 242498 complete and 0 interrupted iterations
default   [ 100% ] 50 VUs  30.0s/30s


  █ THRESHOLDS 

    checks
    ✓ 'rate>0.99' rate=100.00%


  █ TOTAL RESULTS 

    checks_total.......: 485166  16169.388682/s
    checks_succeeded...: 100.00% 485166 out of 485166
    checks_failed......: 0.00%   0 out of 485166

    ✓ status 200
    ✓ count matches

    CUSTOM
    upstream_micros................: avg=4843.36728 min=447      med=3807   max=239567   p(90)=7267   p(95)=9840   

    HTTP
    http_req_duration..............: avg=6.1ms      min=550µs    med=4.9ms  max=239.92ms p(90)=8.62ms p(95)=11.28ms
      { expected_response:true }...: avg=6.1ms      min=550µs    med=4.9ms  max=239.92ms p(90)=8.62ms p(95)=11.28ms
    http_req_failed................: 0.00%  0 out of 242583
    http_reqs......................: 242583 8084.694341/s

    EXECUTION
    iteration_duration.............: avg=6.17ms     min=577.95µs med=4.97ms max=239.95ms p(90)=8.71ms p(95)=11.38ms
    iterations.....................: 242583 8084.694341/s
    vus............................: 50     min=50          max=50
    vus_max........................: 50     min=50          max=50

    NETWORK
    data_received..................: 61 MB  2.0 MB/s
    data_sent......................: 23 MB  760 kB/s




running (0m30.0s), 00/50 VUs, 242583 complete and 0 interrupted iterations
default ✓ [ 100% ] 50 VUs  30s
